// Jest Snapshot v1, https://goo.gl/fbAQLP

exports[`FormUserDetails should render correctly 1`] = `ShallowWrapper {}`;
