// Jest Snapshot v1, https://goo.gl/fbAQLP

exports[`FormPersonalDetails should render correctly 1`] = `ShallowWrapper {}`;
