// Jest Snapshot v1, https://goo.gl/fbAQLP

exports[`UserForm should render correctly 1`] = `ShallowWrapper {}`;
